IBM XL C for AIX, Version 12.1.0.0 ncuxinit.c 07/22/16 12:53:20 (C)

>>>>> SOURCE SECTION <<<<<

        1 | 
        2 | /*****************************************************************************
        3 | **
        4 | ** file    : ncuxinit.c
        5 | ** purpose : default entry point for each shared lib with
        6 | **           user exits
        7 | **
        8 | ** (c) copyright 1991-97 by Software AG
        9 | **
       10 | ******************************************************************************
       11 | **
       12 | ** DO NOT CHANGE ANYTHING IN THIS FILE !
       13 | **
       14 | *****************************************************************************/
       15 | 
       16 | #define SHARED_MODE 1
       17 | 
       18 | /* 
       19 | ** following include is not a good 'C' style but it is a
       20 | ** possibility to avoid different sources for dynamic and static 
       21 | ** linked user exits.
       22 | */
       23 | #include "jumptab.c"
       24 | 
       25 | int ncsy_dyuxinit(table, size)
       26 | NC_TAB_STRUCT **table;
       27 | int *size;
       28 | {
       29 | 
       30 |   *table = (NC_TAB_STRUCT *)n_call_table;
       31 |   *size  = n_call_tab;
       32 | 
       33 |   return 0;
       34 | 
       35 | }
       36 | 

>>>>> OPTIONS SECTION <<<<<

IBM XL C for AIX, Version 12.1.0.0
***   Command Line Invocation ***
***   Options In Effect   ***

CPLUSCMT            LIST                NORO                NOROCONST          
SOURCE              THREADED           

64BIT
OPTIMIZE=2
LANGLVL=EXTENDED:NOUCS:NOTEXTAFTERENDIF
MAXMEM=-1



>>>>> FILE TABLE SECTION <<<<<

                                       FILE CREATION        FROM
FILE NO   FILENAME                    DATE       TIME       FILE    LINE
     0    ncuxinit.c                  07/16/16   21:48:26
     1    jumptab.c                   07/16/16   21:48:26      0      23
     2    nattab.h                    07/16/16   21:48:26      1      14


>>>>> COMPILATION EPILOGUE SECTION <<<<<

IBM XL C/C++ Compilers Summary of Diagnosed Conditions

TOTAL   UNRECOVERABLE  SEVERE       ERROR     WARNING    INFORMATIONAL
               (U)       (S)         (E)        (W)          (I)
    0           0         0           0          0            0


Source records read.........................................     141

1501-008  Compilation successful for file ncuxinit.c. Object file created.


>>>>> OBJECT SECTION, OPTIMIZATION <<<<<


 GPR's set/used:   s-us us-- ---- ----  ---- ---- ---- ----
 FPR's set/used:   ---- ---- ---- ----  ---- ---- ---- ----
 CCR's set/used:   ---- ----
     | 000000                           PDEF     ncsy_dyuxinit
   25|                                  PROC      table,size,gr3,gr4
   30| 000000 ld       E8A20008   1     L8        gr5=.$STATIC(gr2,0)
   30| 000004 addi     38050008   1     AI        gr0=gr5,8
   30| 000008 std      F8030000   1     ST8       (*)nc_tab_struct*(gr3,0)=gr0
   33| 00000C addi     38600000   1     LI        gr3=0
   31| 000010 lwz      80050000   1     L4Z       gr0=n_call_tab(gr5,0)
   31| 000014 stw      90040000   1     ST4Z      (*)int(gr4,0)=gr0
   35| 000018 bclr     4E800020   1     BA        lr
     |               Tag Table
     | 00001C        00000000 00002000 00000000 0000001C
     |               Instruction count            7
     |               Straight-line exec time      7
